main.cpp:38:6:void CollectData(void*)	48	static
main.cpp:57:6:void CheckErrors(void*)	32	static
main.cpp:70:6:void CheckCalibStatus(void*)	32	static
main.cpp:81:5:int main()	16	static
main.cpp:104:6:void SystemClock_Config()	88	static
main.cpp:149:13:void MX_I2C1_Init()	8	static
main.cpp:183:13:void MX_USART2_UART_Init()	8	static
main.cpp:216:13:void MX_GPIO_Init()	48	static
main.cpp:252:6:void HAL_TIM_PeriodElapsedCallback(TIM_HandleTypeDef*)	16	static
main.cpp:269:6:void Error_Handler()	4	static
main.cpp:275:1:void __static_initialization_and_destruction_0(int, int)	16	static
main.cpp:275:1:cpp)	8	static
main.cpp:275:1:cpp)	8	static
