main.cpp:37:6:void CollectData(void*)	40	static
main.cpp:50:6:void GetLinearVelocity(void*)	40	static
main.cpp:60:5:int main()	16	static
main.cpp:83:6:void SystemClock_Config()	88	static
main.cpp:128:13:void MX_I2C1_Init()	8	static
main.cpp:162:13:void MX_USART2_UART_Init()	8	static
main.cpp:195:13:void MX_GPIO_Init()	48	static
main.cpp:234:6:void StartDefaultTask(void*)	16	static
main.cpp:255:6:void HAL_TIM_PeriodElapsedCallback(TIM_HandleTypeDef*)	16	static
main.cpp:272:6:void Error_Handler()	4	static
main.cpp:278:1:void __static_initialization_and_destruction_0(int, int)	16	static
main.cpp:278:1:cpp)	8	static
main.cpp:278:1:cpp)	8	static
