uart_printf.h:17:6:void vprint(const char*, va_list)	216	static
uart_printf.h:26:6:)	16	static
GPS.h:34:11:location GPS::getPosition()	48	static
GPS.h:38:11:velocity GPS::getVelocity()	48	static
main.cpp:40:5:int main()	16	static
main.cpp:70:6:void blink(void*)	16	static
main.cpp:79:6:void gps_task(void*)	96	static
main.cpp:103:6:void SystemClock_Config()	88	static
main.cpp:155:6:void HAL_TIM_PeriodElapsedCallback(TIM_HandleTypeDef*)	16	static
main.cpp:172:6:void Error_Handler()	4	static
main.cpp:178:1:void __static_initialization_and_destruction_0(int, int)	16	static
main.cpp:178:1:cpp)	8	static
main.cpp:178:1:cpp)	8	static
