IMU.cpp:10:1:IMU::IMU()	16	static
IMU.cpp:14:1:IMU::~IMU()	16	static
IMU.cpp:14:1:virtual IMU::~IMU()	16	static
IMU.cpp:18:6:void IMU::initializeIMU(I2C_HandleTypeDef*)	24	static
IMU.cpp:43:8:double IMU::getOrientation(IMU::Axes)	32	static
IMU.cpp:66:8:double IMU::getAngVel(IMU::Axes)	32	static
IMU.cpp:89:8:double IMU::getTotalAcceleration(IMU::Axes)	32	static
IMU.cpp:113:6:void IMU::storeTotalAcceleration()	24	static
IMU.cpp:123:8:double IMU::getLinearAcceleration(IMU::Axes)	32	static
IMU.cpp:147:6:void IMU::storeLinearAcceleration()	24	static
IMU.cpp:157:6:void IMU::calculateLinearVelocity()	24	static
IMU.cpp:167:8:double IMU::getLinearVelocity(IMU::Axes)	32	static
IMU.cpp:187:6:void IMU::setMode(IMU::IMU_Mode)	16	static
IMU.cpp:195:9:uint8_t IMU::getCalibStatus()	16	static
IMU.cpp:199:9:uint8_t IMU::getSysStatus()	16	static
IMU.cpp:203:9:uint8_t IMU::getSysError()	16	static
IMU.cpp:207:19:HAL_StatusTypeDef IMU::write8(uint8_t, uint8_t)	32	static
IMU.cpp:218:8:int8_t IMU::read8(uint8_t)	32	static
IMU.cpp:234:9:int16_t IMU::read16(uint8_t)	32	static
