gthr-default.h:229:1:int __gthread_key_delete(__gthread_key_t)	16	static
main.cpp:86:5:int main()	16	static
main.cpp:162:6:void SystemClock_Config()	88	static
main.cpp:207:13:void MX_I2C1_Init()	8	static
main.cpp:241:13:void MX_USART2_UART_Init()	8	static
main.cpp:274:13:void MX_GPIO_Init()	48	static
main.cpp:305:6:void PrintEulerAngle(void*)	40	static
main.cpp:344:6:void HAL_TIM_PeriodElapsedCallback(TIM_HandleTypeDef*)	16	static
main.cpp:361:6:void Error_Handler()	4	static
main.cpp:367:1:void __static_initialization_and_destruction_0(int, int)	16	static
main.cpp:367:1:cpp)	8	static
main.cpp:367:1:cpp)	8	static
