main.cpp:76:5:int main()	16	static
main.cpp:151:6:void SystemClock_Config()	88	static
main.cpp:196:13:void MX_I2C1_Init()	8	static
main.cpp:230:13:void MX_USART2_UART_Init()	8	static
main.cpp:263:13:void MX_GPIO_Init()	48	static
main.cpp:294:6:void PrintEulerAngle(void*)	40	static
main.cpp:314:6:void HAL_TIM_PeriodElapsedCallback(TIM_HandleTypeDef*)	16	static
main.cpp:331:6:void Error_Handler()	4	static
main.cpp:337:1:void __static_initialization_and_destruction_0(int, int)	16	static
main.cpp:337:1:cpp)	8	static
main.cpp:337:1:cpp)	8	static
